\BOOKMARK [0][-]{part.1}{\376\377\000I\000\040\000F\000r\000o\000m\000\040\000t\000h\000e\000\040\000s\000h\000a\000p\000e\000\040\000H\000e\000s\000s\000i\000a\000n\000\040\000t\000o\000\040\000i\000t\000s\000\040\000e\000i\000g\000e\000n\000v\000a\000l\000u\000e\000s}{}% 1
\BOOKMARK [1][-]{section.1}{\376\377\000T\000h\000e\000\040\000q\000u\000e\000s\000t\000i\000o\000n\000\040\000a\000n\000d\000\040\000t\000h\000e\000\040\000c\000o\000o\000r\000d\000i\000n\000a\000t\000e\000s}{part.1}% 2
\BOOKMARK [1][-]{section.2}{\376\377\000F\000r\000o\000m\000\040\000a\000\040\000s\000h\000a\000p\000e\000\040\000d\000e\000r\000i\000v\000a\000t\000i\000v\000e\000\040\000t\000o\000\040\000a\000\040\000v\000e\000r\000t\000e\000x\000\040\000H\000e\000s\000s\000i\000a\000n}{part.1}% 3
\BOOKMARK [2][-]{subsection.2.1}{\376\377\000T\000h\000e\000\040\000a\000r\000e\000a\000\040\000c\000o\000r\000r\000e\000c\000t\000i\000o\000n\000\040\000m\000u\000s\000t\000\040\000b\000e\000\040\000d\000i\000f\000f\000e\000r\000e\000n\000t\000i\000a\000t\000e\000d\000\040\000t\000o\000o}{section.2}% 4
\BOOKMARK [1][-]{section.3}{\376\377\000C\000o\000m\000p\000u\000t\000e\000\040\000t\000h\000e\000\040\000l\000o\000c\000a\000l\000\040\000p\000a\000r\000t\000\040\000o\000n\000\040\000t\000w\000o\000\040\000t\000r\000i\000a\000n\000g\000l\000e\000s}{part.1}% 5
\BOOKMARK [2][-]{subsection.3.1}{\376\377\000W\000h\000a\000t\000\040\000r\000e\000m\000a\000i\000n\000s\000\040\000u\000n\000k\000n\000o\000w\000n\000\040\000i\000n\000\040\000t\000h\000e\000\040\000s\000e\000c\000t\000o\000r\000\040\000i\000n\000t\000e\000g\000r\000a\000l\000s\000?}{section.3}% 6
\BOOKMARK [1][-]{section.4}{\376\377\000W\000h\000y\000\040\000r\000a\000d\000i\000a\000l\000\040\000a\000n\000d\000\040\000t\000a\000n\000g\000e\000n\000t\000i\000a\000l\000\040\000c\000o\000o\000r\000d\000i\000n\000a\000t\000e\000s\000\040\000r\000e\000v\000e\000a\000l\000\040\000t\000h\000e\000\040\000s\000p\000e\000c\000t\000r\000u\000m}{part.1}% 7
\BOOKMARK [2][-]{subsection.4.1}{\376\377\000T\000h\000e\000\040\000e\000x\000p\000l\000i\000c\000i\000t\000\040\000c\000a\000n\000c\000e\000l\000l\000a\000t\000i\000o\000n\000\040\000w\000i\000t\000h\000\040\000a\000r\000e\000a}{section.4}% 8
\BOOKMARK [1][-]{section.5}{\376\377\000E\000x\000a\000c\000t\000\040\000z\000e\000r\000o\000\040\000m\000o\000d\000e\000s\000\040\000a\000n\000d\000\040\000t\000h\000e\000\040\000l\000o\000c\000a\000l\000\040\000m\000a\000x\000i\000m\000u\000m\000\040\000c\000r\000i\000t\000e\000r\000i\000o\000n}{part.1}% 9
\BOOKMARK [1][-]{section.6}{\376\377\000T\000h\000e\000\040\000q\000u\000a\000n\000t\000i\000t\000i\000e\000s\000\040\000a\000c\000t\000u\000a\000l\000l\000y\000\040\000p\000a\000s\000s\000e\000d\000\040\000t\000o\000\040\000t\000h\000e\000\040\000n\000e\000x\000t\000\040\000l\000e\000c\000t\000u\000r\000e}{part.1}% 10
\BOOKMARK [0][-]{part.2}{\376\377\000I\000I\000\040\000F\000i\000n\000i\000t\000e\000\040\000e\000l\000e\000m\000e\000n\000t\000\040\000e\000r\000r\000o\000r\000s\000,\000\040\000f\000l\000u\000x\000e\000s\000,\000\040\000a\000n\000d\000\040\000t\000r\000a\000n\000s\000m\000i\000s\000s\000i\000o\000n\000\040\000r\000e\000g\000u\000l\000a\000r\000i\000t\000y}{}% 11
\BOOKMARK [1][-]{section.7}{\376\377\000T\000h\000r\000e\000e\000\040\000e\000r\000r\000o\000r\000s\000\040\000t\000h\000a\000t\000\040\000m\000u\000s\000t\000\040\000n\000o\000t\000\040\000b\000e\000\040\000c\000o\000n\000f\000u\000s\000e\000d}{part.2}% 12
\BOOKMARK [1][-]{section.8}{\376\377\000A\000\040\000r\000e\000s\000i\000d\000u\000a\000l\000\040\000i\000s\000\040\000a\000n\000\040\000e\000r\000r\000o\000r\000\040\000m\000e\000a\000s\000u\000r\000e\000d\000\040\000i\000n\000\040\000t\000h\000e\000\040\000d\000u\000a\000l\000\040\000n\000o\000r\000m}{part.2}% 13
\BOOKMARK [1][-]{section.9}{\376\377\000D\000i\000f\000f\000e\000r\000e\000n\000t\000i\000a\000t\000e\000\040\000t\000h\000e\000\040\000w\000e\000a\000k\000\040\000p\000r\000o\000b\000l\000e\000m\000,\000\040\000n\000o\000t\000\040\000t\000h\000e\000\040\000a\000p\000p\000r\000o\000x\000i\000m\000a\000t\000e\000\040\000o\000u\000t\000p\000u\000t}{part.2}% 14
\BOOKMARK [1][-]{section.10}{\376\377\000W\000h\000y\000\040\000t\000h\000e\000\040\000s\000e\000c\000o\000n\000d\000\040\000v\000a\000r\000i\000a\000t\000i\000o\000n\000\040\000a\000d\000m\000i\000t\000s\000\040\000p\000r\000o\000d\000u\000c\000t\000s\000\040\000o\000f\000\040\000e\000r\000r\000o\000r\000s}{part.2}% 15
\BOOKMARK [2][-]{subsection.10.1}{\376\377\000C\000o\000u\000l\000d\000\040\000w\000e\000\040\000u\000s\000e\000\040\000o\000n\000l\000y\000\040\000m\000a\000t\000e\000r\000i\000a\000l\000\040\000d\000e\000r\000i\000v\000a\000t\000i\000v\000e\000s\000?}{section.10}% 16
\BOOKMARK [1][-]{section.11}{\376\377\000T\000h\000e\000\040\000c\000o\000m\000p\000u\000t\000e\000d\000\040\000l\000i\000n\000e\000a\000r\000\040\000s\000y\000s\000t\000e\000m\000s\000\040\000a\000l\000s\000o\000\040\000n\000e\000e\000d\000\040\000e\000r\000r\000o\000r\000\040\000b\000o\000u\000n\000d\000s}{part.2}% 17
\BOOKMARK [2][-]{subsection.11.1}{\376\377\000C\000o\000r\000r\000e\000c\000t\000\040\000t\000h\000e\000\040\000c\000e\000n\000t\000r\000e\000\040\000b\000e\000f\000o\000r\000e\000\040\000i\000n\000c\000r\000e\000a\000s\000i\000n\000g\000\040\000t\000h\000e\000\040\000r\000a\000d\000i\000u\000s}{section.11}% 18
\BOOKMARK [1][-]{section.12}{\376\377\000F\000o\000u\000r\000\040\000f\000l\000u\000x\000e\000s\000\040\000a\000n\000d\000\040\000t\000h\000e\000\040\000f\000i\000n\000a\000l\000\040\000c\000o\000n\000t\000i\000n\000u\000o\000u\000s\000\040\000e\000n\000c\000l\000o\000s\000u\000r\000e}{part.2}% 19
\BOOKMARK [1][-]{section.13}{\376\377\000R\000e\000g\000u\000l\000a\000r\000i\000t\000y\000\040\000a\000t\000t\000e\000m\000p\000t\000:\000\040\000i\000n\000t\000e\000g\000r\000a\000t\000e\000\040\000t\000h\000e\000\040\000v\000e\000r\000t\000e\000x\000-\000z\000e\000r\000o\000\040\000l\000o\000a\000d\000\040\000b\000y\000\040\000p\000a\000r\000t\000s}{part.2}% 20
\BOOKMARK [2][-]{subsection.13.1}{\376\377\000W\000h\000y\000\040\000t\000h\000e\000\040\000r\000a\000y\000\040\000d\000e\000n\000s\000i\000t\000i\000e\000s\000\040\000h\000a\000v\000e\000\040\000t\000h\000e\000\040\000r\000i\000g\000h\000t\000\040\000e\000n\000d\000p\000o\000i\000n\000t\000\040\000b\000e\000h\000a\000v\000i\000o\000r}{section.13}% 21
\BOOKMARK [2][-]{subsection.13.2}{\376\377\000T\000h\000e\000\040\000m\000i\000x\000e\000d\000-\000b\000o\000u\000n\000d\000a\000r\000y\000\040\000i\000n\000g\000r\000e\000d\000i\000e\000n\000t\000,\000\040\000w\000i\000t\000h\000\040\000i\000t\000s\000\040\000h\000y\000p\000o\000t\000h\000e\000s\000e\000s\000\040\000v\000i\000s\000i\000b\000l\000e}{section.13}% 22
\BOOKMARK [1][-]{section.14}{\376\377\000T\000h\000e\000\040\000s\000e\000c\000o\000n\000d\000\040\000d\000e\000r\000i\000v\000a\000t\000i\000v\000e\000s\000:\000\040\000a\000\040\000n\000e\000c\000e\000s\000s\000a\000r\000y\000\040\000c\000e\000n\000t\000r\000e\000\040\000c\000a\000n\000c\000e\000l\000l\000a\000t\000i\000o\000n}{part.2}% 23
\BOOKMARK [2][-]{subsection.14.1}{\376\377\000A\000n\000\040\000e\000x\000p\000l\000i\000c\000i\000t\000\040\000l\000o\000c\000a\000l\000\040\000l\000i\000f\000t\000i\000n\000g\000\040\000r\000e\000m\000o\000v\000e\000s\000\040\000t\000h\000e\000\040\000c\000e\000n\000t\000r\000e\000\040\000v\000a\000l\000u\000e\000s}{section.14}% 24
\BOOKMARK [2][-]{subsection.14.2}{\376\377\000W\000h\000a\000t\000\040\000p\000a\000r\000t\000\040\000o\000f\000\040\000t\000h\000e\000\040\000c\000o\000n\000j\000e\000c\000t\000u\000r\000e\000\040\000h\000a\000s\000\040\000t\000h\000i\000s\000\040\000p\000r\000o\000v\000e\000d\000?}{section.14}% 25
\BOOKMARK [0][-]{part.3}{\376\377\000I\000I\000I\000\040\000R\000e\000a\000d\000i\000n\000g\000\040\000a\000n\000d\000\040\000r\000u\000n\000n\000i\000n\000g\000\040\000t\000h\000e\000\040\000F\000L\000I\000N\000T\000\040\000c\000e\000r\000t\000i\000f\000i\000c\000a\000t\000e}{}% 26
\BOOKMARK [1][-]{section.15}{\376\377\000W\000h\000a\000t\000\040\000t\000h\000e\000\040\000e\000x\000e\000c\000u\000t\000a\000b\000l\000e\000\040\000h\000a\000s\000\040\000t\000o\000\040\000p\000r\000o\000v\000e}{part.3}% 27
\BOOKMARK [1][-]{section.16}{\376\377\000T\000h\000e\000\040\000f\000i\000n\000i\000t\000e\000\040\000e\000l\000e\000m\000e\000n\000t\000\040\000d\000a\000t\000a\000\040\000e\000n\000t\000e\000r\000i\000n\000g\000\040\000o\000n\000e\000\040\000e\000n\000t\000r\000y\000\040\000c\000h\000e\000c\000k}{part.3}% 28
\BOOKMARK [1][-]{section.17}{\376\377\000A\000r\000b\000\040\000a\000r\000i\000t\000h\000m\000e\000t\000i\000c\000:\000\040\000e\000n\000c\000l\000o\000s\000u\000r\000e\000s\000\040\000r\000a\000t\000h\000e\000r\000\040\000t\000h\000a\000n\000\040\000r\000o\000u\000n\000d\000e\000d\000\040\000a\000n\000s\000w\000e\000r\000s}{part.3}% 29
\BOOKMARK [1][-]{section.18}{\376\377\000T\000h\000e\000\040\000e\000n\000t\000r\000y\000\040\000v\000e\000r\000i\000f\000i\000e\000r\000,\000\040\000f\000u\000n\000c\000t\000i\000o\000n\000\040\000b\000y\000\040\000f\000u\000n\000c\000t\000i\000o\000n}{part.3}% 30
\BOOKMARK [2][-]{subsection.18.1}{\376\377\000R\000e\000a\000d\000i\000n\000g\000\040\000a\000\040\000f\000i\000n\000i\000t\000e\000\040\000c\000o\000n\000f\000o\000r\000m\000i\000n\000g\000\040\000m\000e\000s\000h}{section.18}% 31
\BOOKMARK [2][-]{subsection.18.2}{\376\377\000P\000r\000o\000v\000i\000n\000g\000\040\000t\000h\000e\000\040\000e\000x\000a\000c\000t\000\040\000r\000e\000g\000u\000l\000a\000r\000\040\000f\000a\000n\000\040\000a\000n\000d\000\040\000t\000h\000e\000\040\000d\000i\000r\000e\000c\000t\000i\000o\000n\000s}{section.18}% 32
\BOOKMARK [2][-]{subsection.18.3}{\376\377\000E\000x\000a\000c\000t\000\040\000e\000l\000e\000m\000e\000n\000t\000\040\000i\000n\000t\000e\000g\000r\000a\000t\000i\000o\000n\000\040\000a\000n\000d\000\040\000c\000o\000e\000f\000f\000i\000c\000i\000e\000n\000t\000\040\000b\000o\000u\000n\000d\000s}{section.18}% 33
\BOOKMARK [2][-]{subsection.18.4}{\376\377\000R\000e\000s\000i\000d\000u\000a\000l\000s\000,\000\040\000r\000e\000f\000e\000r\000e\000n\000c\000e\000\040\000v\000a\000l\000u\000e\000s\000,\000\040\000a\000n\000d\000\040\000t\000h\000e\000\040\000m\000a\000i\000n\000\040\000c\000a\000l\000c\000u\000l\000a\000t\000i\000o\000n}{section.18}% 34
\BOOKMARK [1][-]{section.19}{\376\377\000T\000h\000e\000\040\000F\000o\000u\000r\000i\000e\000r\000\040\000v\000e\000r\000i\000f\000i\000e\000r\000,\000\040\000f\000u\000n\000c\000t\000i\000o\000n\000\040\000b\000y\000\040\000f\000u\000n\000c\000t\000i\000o\000n}{part.3}% 35
\BOOKMARK [1][-]{section.20}{\376\377\000H\000o\000w\000\040\000t\000h\000e\000\040\000r\000o\000t\000a\000t\000i\000o\000n\000-\000b\000a\000s\000e\000d\000\040\000d\000r\000i\000v\000e\000r\000\040\000o\000b\000t\000a\000i\000n\000s\000\040\000t\000h\000e\000\040\000c\000a\000n\000d\000i\000d\000a\000t\000e\000s}{part.3}% 36
\BOOKMARK [2][-]{subsection.20.1}{\376\377\000T\000h\000e\000\040\000F\000r\000e\000e\000F\000E\000M\000\040\000p\000r\000o\000b\000l\000e\000m\000s}{section.20}% 37
\BOOKMARK [2][-]{subsection.20.2}{\376\377\000r\000o\000t\000a\000t\000i\000o\000n\000_\000c\000a\000c\000h\000e\000.\000p\000y}{section.20}% 38
\BOOKMARK [2][-]{subsection.20.3}{\376\377\000c\000e\000r\000t\000i\000f\000i\000c\000a\000t\000e\000_\000b\000u\000i\000l\000d\000.\000p\000y}{section.20}% 39
\BOOKMARK [2][-]{subsection.20.4}{\376\377\000c\000e\000r\000t\000i\000f\000y\000_\000w\000i\000t\000h\000_\000r\000o\000t\000a\000t\000i\000o\000n\000s\000.\000p\000y}{section.20}% 40
\BOOKMARK [1][-]{section.21}{\376\377\000O\000t\000h\000e\000r\000\040\000v\000a\000l\000i\000d\000a\000t\000i\000o\000n\000\040\000u\000t\000i\000l\000i\000t\000i\000e\000s\000\040\000a\000n\000d\000\040\000t\000h\000e\000i\000r\000\040\000p\000r\000e\000c\000i\000s\000e\000\040\000r\000o\000l\000e\000s}{part.3}% 41
\BOOKMARK [2][-]{subsection.21.1}{\376\377\000r\000e\000s\000i\000d\000u\000a\000l\000_\000c\000e\000r\000t\000.\000c}{section.21}% 42
\BOOKMARK [2][-]{subsection.21.2}{\376\377\000s\000e\000c\000o\000n\000d\000_\000v\000a\000r\000i\000a\000t\000i\000o\000n\000_\000c\000e\000r\000t\000.\000c}{section.21}% 43
\BOOKMARK [2][-]{subsection.21.3}{\376\377\000m\000a\000j\000o\000r\000a\000n\000t\000_\000c\000e\000r\000t\000.\000c}{section.21}% 44
\BOOKMARK [2][-]{subsection.21.4}{\376\377\000D\000r\000i\000v\000e\000r\000s\000,\000\040\000s\000u\000m\000m\000a\000r\000i\000e\000s\000,\000\040\000a\000n\000d\000\040\000c\000h\000e\000c\000k\000s}{section.21}% 45
\BOOKMARK [1][-]{section.22}{\376\377\000R\000u\000n\000n\000i\000n\000g\000\040\000a\000\040\000c\000e\000r\000t\000i\000f\000i\000c\000a\000t\000e\000\040\000y\000o\000u\000r\000s\000e\000l\000f}{part.3}% 46
\BOOKMARK [1][-]{section.23}{\376\377\000W\000h\000a\000t\000\040\000t\000h\000e\000\040\000a\000r\000c\000h\000i\000v\000e\000d\000\040\000c\000o\000m\000p\000u\000t\000a\000t\000i\000o\000n\000s\000\040\000e\000s\000t\000a\000b\000l\000i\000s\000h}{part.3}% 47
\BOOKMARK [2][-]{subsection.23.1}{\376\377\000T\000i\000m\000e\000\040\000a\000n\000d\000\040\000t\000h\000e\000\040\000m\000e\000a\000n\000i\000n\000g\000\040\000o\000f\000\040\000t\000h\000e\000\040\000t\000h\000r\000e\000e\000-\000s\000o\000l\000v\000e\000\040\000o\000p\000t\000i\000m\000i\000z\000a\000t\000i\000o\000n}{section.23}% 48
\BOOKMARK [2][-]{subsection.23.2}{\376\377\000W\000h\000e\000r\000e\000\040\000t\000h\000e\000\040\000e\000v\000i\000d\000e\000n\000c\000e\000\040\000i\000s\000\040\000s\000t\000o\000r\000e\000d}{section.23}% 49
