\BOOKMARK [1][-]{section.1}{\376\377\000W\000h\000a\000t\000\040\000t\000h\000e\000\040\000e\000x\000e\000c\000u\000t\000a\000b\000l\000e\000\040\000h\000a\000s\000\040\000t\000o\000\040\000p\000r\000o\000v\000e}{}% 1
\BOOKMARK [1][-]{section.2}{\376\377\000T\000h\000e\000\040\000f\000i\000n\000i\000t\000e\000\040\000e\000l\000e\000m\000e\000n\000t\000\040\000d\000a\000t\000a\000\040\000e\000n\000t\000e\000r\000i\000n\000g\000\040\000o\000n\000e\000\040\000e\000n\000t\000r\000y\000\040\000c\000h\000e\000c\000k}{}% 2
\BOOKMARK [1][-]{section.3}{\376\377\000A\000r\000b\000\040\000a\000r\000i\000t\000h\000m\000e\000t\000i\000c\000:\000\040\000e\000n\000c\000l\000o\000s\000u\000r\000e\000s\000\040\000r\000a\000t\000h\000e\000r\000\040\000t\000h\000a\000n\000\040\000r\000o\000u\000n\000d\000e\000d\000\040\000a\000n\000s\000w\000e\000r\000s}{}% 3
\BOOKMARK [1][-]{section.4}{\376\377\000T\000h\000e\000\040\000e\000n\000t\000r\000y\000\040\000v\000e\000r\000i\000f\000i\000e\000r\000,\000\040\000f\000u\000n\000c\000t\000i\000o\000n\000\040\000b\000y\000\040\000f\000u\000n\000c\000t\000i\000o\000n}{}% 4
\BOOKMARK [2][-]{subsection.4.1}{\376\377\000R\000e\000a\000d\000i\000n\000g\000\040\000a\000\040\000f\000i\000n\000i\000t\000e\000\040\000c\000o\000n\000f\000o\000r\000m\000i\000n\000g\000\040\000m\000e\000s\000h}{section.4}% 5
\BOOKMARK [2][-]{subsection.4.2}{\376\377\000P\000r\000o\000v\000i\000n\000g\000\040\000t\000h\000e\000\040\000e\000x\000a\000c\000t\000\040\000r\000e\000g\000u\000l\000a\000r\000\040\000f\000a\000n\000\040\000a\000n\000d\000\040\000t\000h\000e\000\040\000d\000i\000r\000e\000c\000t\000i\000o\000n\000s}{section.4}% 6
\BOOKMARK [2][-]{subsection.4.3}{\376\377\000E\000x\000a\000c\000t\000\040\000e\000l\000e\000m\000e\000n\000t\000\040\000i\000n\000t\000e\000g\000r\000a\000t\000i\000o\000n\000\040\000a\000n\000d\000\040\000c\000o\000e\000f\000f\000i\000c\000i\000e\000n\000t\000\040\000b\000o\000u\000n\000d\000s}{section.4}% 7
\BOOKMARK [2][-]{subsection.4.4}{\376\377\000R\000e\000s\000i\000d\000u\000a\000l\000s\000,\000\040\000r\000e\000f\000e\000r\000e\000n\000c\000e\000\040\000v\000a\000l\000u\000e\000s\000,\000\040\000a\000n\000d\000\040\000t\000h\000e\000\040\000m\000a\000i\000n\000\040\000c\000a\000l\000c\000u\000l\000a\000t\000i\000o\000n}{section.4}% 8
\BOOKMARK [1][-]{section.5}{\376\377\000T\000h\000e\000\040\000F\000o\000u\000r\000i\000e\000r\000\040\000v\000e\000r\000i\000f\000i\000e\000r\000,\000\040\000f\000u\000n\000c\000t\000i\000o\000n\000\040\000b\000y\000\040\000f\000u\000n\000c\000t\000i\000o\000n}{}% 9
\BOOKMARK [1][-]{section.6}{\376\377\000H\000o\000w\000\040\000t\000h\000e\000\040\000r\000o\000t\000a\000t\000i\000o\000n\000-\000b\000a\000s\000e\000d\000\040\000d\000r\000i\000v\000e\000r\000\040\000o\000b\000t\000a\000i\000n\000s\000\040\000t\000h\000e\000\040\000c\000a\000n\000d\000i\000d\000a\000t\000e\000s}{}% 10
\BOOKMARK [2][-]{subsection.6.1}{\376\377\000T\000h\000e\000\040\000F\000r\000e\000e\000F\000E\000M\000\040\000p\000r\000o\000b\000l\000e\000m\000s}{section.6}% 11
\BOOKMARK [2][-]{subsection.6.2}{\376\377\000r\000o\000t\000a\000t\000i\000o\000n\000_\000c\000a\000c\000h\000e\000.\000p\000y}{section.6}% 12
\BOOKMARK [2][-]{subsection.6.3}{\376\377\000c\000e\000r\000t\000i\000f\000i\000c\000a\000t\000e\000_\000b\000u\000i\000l\000d\000.\000p\000y}{section.6}% 13
\BOOKMARK [2][-]{subsection.6.4}{\376\377\000c\000e\000r\000t\000i\000f\000y\000_\000w\000i\000t\000h\000_\000r\000o\000t\000a\000t\000i\000o\000n\000s\000.\000p\000y}{section.6}% 14
\BOOKMARK [1][-]{section.7}{\376\377\000O\000t\000h\000e\000r\000\040\000v\000a\000l\000i\000d\000a\000t\000i\000o\000n\000\040\000u\000t\000i\000l\000i\000t\000i\000e\000s\000\040\000a\000n\000d\000\040\000t\000h\000e\000i\000r\000\040\000p\000r\000e\000c\000i\000s\000e\000\040\000r\000o\000l\000e\000s}{}% 15
\BOOKMARK [2][-]{subsection.7.1}{\376\377\000r\000e\000s\000i\000d\000u\000a\000l\000_\000c\000e\000r\000t\000.\000c}{section.7}% 16
\BOOKMARK [2][-]{subsection.7.2}{\376\377\000s\000e\000c\000o\000n\000d\000_\000v\000a\000r\000i\000a\000t\000i\000o\000n\000_\000c\000e\000r\000t\000.\000c}{section.7}% 17
\BOOKMARK [2][-]{subsection.7.3}{\376\377\000m\000a\000j\000o\000r\000a\000n\000t\000_\000c\000e\000r\000t\000.\000c}{section.7}% 18
\BOOKMARK [2][-]{subsection.7.4}{\376\377\000D\000r\000i\000v\000e\000r\000s\000,\000\040\000s\000u\000m\000m\000a\000r\000i\000e\000s\000,\000\040\000a\000n\000d\000\040\000c\000h\000e\000c\000k\000s}{section.7}% 19
\BOOKMARK [1][-]{section.8}{\376\377\000R\000u\000n\000n\000i\000n\000g\000\040\000a\000\040\000c\000e\000r\000t\000i\000f\000i\000c\000a\000t\000e\000\040\000y\000o\000u\000r\000s\000e\000l\000f}{}% 20
\BOOKMARK [1][-]{section.9}{\376\377\000W\000h\000a\000t\000\040\000t\000h\000e\000\040\000a\000r\000c\000h\000i\000v\000e\000d\000\040\000c\000o\000m\000p\000u\000t\000a\000t\000i\000o\000n\000s\000\040\000e\000s\000t\000a\000b\000l\000i\000s\000h}{}% 21
\BOOKMARK [2][-]{subsection.9.1}{\376\377\000T\000i\000m\000e\000\040\000a\000n\000d\000\040\000t\000h\000e\000\040\000m\000e\000a\000n\000i\000n\000g\000\040\000o\000f\000\040\000t\000h\000e\000\040\000t\000h\000r\000e\000e\000-\000s\000o\000l\000v\000e\000\040\000o\000p\000t\000i\000m\000i\000z\000a\000t\000i\000o\000n}{section.9}% 22
\BOOKMARK [2][-]{subsection.9.2}{\376\377\000W\000h\000e\000r\000e\000\040\000t\000h\000e\000\040\000e\000v\000i\000d\000e\000n\000c\000e\000\040\000i\000s\000\040\000s\000t\000o\000r\000e\000d}{section.9}% 23
